// Vitest Snapshot v1, https://vitest.dev/guide/snapshot.html

exports[`<TitleTab /> > Render <AccordionResults /> with results, label, icon 1`] = `
<DocumentFragment>
  <i
    class="glyphicon glyphicon-ok"
  />
   (1) test
</DocumentFragment>
`;
