// Vitest Snapshot v1

exports[`<ReadMe /> > Render <ReadMe /> with markdownContent, isFetching, error, refetch 1`] = `
<DocumentFragment>
  <div
    class="af-loader"
  >
    <div
      class="markdown-body"
    >
      <p>
        test
      </p>
    </div>
  </div>
</DocumentFragment>
`;

exports[`codeFn > Render codeFn with inline true 1`] = `
<DocumentFragment>
  const Button = () =&gt; &lt;SimpleButton&gt;Lorem Ipsum&lt;/SimpleButton&gt;;
export default Button;

</DocumentFragment>
`;

exports[`codeFn > Render codeFn with inline undefined 1`] = `
<DocumentFragment>
  <pre
    class="prism-code language-jsx"
    style="color: rgb(156, 220, 254); background-color: rgb(30, 30, 30); padding: 1rem; font-size: 0.8rem; position: relative;"
  >
    <button
      aria-label="Copy to clipboard"
      class="af-btn--circle af-clipboard"
      type="button"
    >
      <i
        class="glyphicon glyphicon-copy"
      />
      <span
        class="af-clipboard__message"
      >
        Copied !
      </span>
    </button>
    <div
      class="token-line"
      style="color: rgb(156, 220, 254);"
    >
      <span
        class="token-line__number"
      >
        1
      </span>
      <span
        class="token-line__content"
      >
        <span
          class="token keyword"
          style="color: rgb(86, 156, 214);"
        >
          const
        </span>
        <span
          class="token plain"
        >
           
        </span>
        <span
          class="token function-variable function maybe-class-name"
          style="color: rgb(220, 220, 170);"
        >
          Button
        </span>
        <span
          class="token plain"
        >
           
        </span>
        <span
          class="token operator"
          style="color: rgb(212, 212, 212);"
        >
          =
        </span>
        <span
          class="token plain"
        >
           
        </span>
        <span
          class="token punctuation"
          style="color: rgb(212, 212, 212);"
        >
          (
        </span>
        <span
          class="token punctuation"
          style="color: rgb(212, 212, 212);"
        >
          )
        </span>
        <span
          class="token plain"
        >
           
        </span>
        <span
          class="token arrow operator"
          style="color: rgb(212, 212, 212);"
        >
          =&gt;
        </span>
        <span
          class="token plain"
        >
           
        </span>
        <span
          class="token tag punctuation"
          style="color: rgb(212, 212, 212);"
        >
          &lt;
        </span>
        <span
          class="token tag class-name"
          style="color: rgb(78, 201, 176);"
        >
          SimpleButton
        </span>
        <span
          class="token tag punctuation"
          style="color: rgb(212, 212, 212);"
        >
          &gt;
        </span>
        <span
          class="token plain-text"
        >
          Lorem Ipsum
        </span>
        <span
          class="token tag punctuation"
          style="color: rgb(212, 212, 212);"
        >
          &lt;/
        </span>
        <span
          class="token tag class-name"
          style="color: rgb(78, 201, 176);"
        >
          SimpleButton
        </span>
        <span
          class="token tag punctuation"
          style="color: rgb(212, 212, 212);"
        >
          &gt;
        </span>
        <span
          class="token punctuation"
          style="color: rgb(212, 212, 212);"
        >
          ;
        </span>
        <span
          class="token plain"
        />
      </span>
    </div>
    <div
      class="token-line"
      style="color: rgb(156, 220, 254);"
    >
      <span
        class="token-line__number"
      >
        2
      </span>
      <span
        class="token-line__content"
      >
        <span
          class="token plain"
        />
        <span
          class="token keyword module"
          style="color: rgb(86, 156, 214);"
        >
          export
        </span>
        <span
          class="token plain"
        >
           
        </span>
        <span
          class="token keyword module"
          style="color: rgb(86, 156, 214);"
        >
          default
        </span>
        <span
          class="token plain"
        >
           
        </span>
        <span
          class="token maybe-class-name"
        >
          Button
        </span>
        <span
          class="token punctuation"
          style="color: rgb(212, 212, 212);"
        >
          ;
        </span>
      </span>
    </div>
  </pre>
</DocumentFragment>
`;
