// Vitest Snapshot v1, https://vitest.dev/guide/snapshot.html

exports[`<ClipBoard/> > Should render ClipBoard 1`] = `
<DocumentFragment>
  <button
    aria-label="Copy to clipboard"
    class="af-btn--circle af-clipboard"
    type="button"
  >
    <i
      class="glyphicon glyphicon-copy"
    />
    <span
      class="af-clipboard__message"
    >
      Copied !
    </span>
  </button>
</DocumentFragment>
`;

exports[`<ClipBoard/> > Should render ClipBoard with clicked classModifier 1`] = `
<DocumentFragment>
  <button
    aria-label="Copy to clipboard"
    class="af-btn--circle af-clipboard af-clipboard--clicked"
    type="button"
  >
    <i
      class="glyphicon glyphicon-copy"
    />
    <span
      class="af-clipboard__message"
    >
      Copied !
    </span>
  </button>
</DocumentFragment>
`;
