// Vitest Snapshot v1, https://vitest.dev/guide/snapshot.html

exports[`InputEditor > Should render when value: 'value' 1`] = `
<DocumentFragment>
  <input
    class="af-form__input-text"
    id="name"
    name="name"
    type="text"
    value="value"
  />
</DocumentFragment>
`;

exports[`InputEditor > Should render when value: { value: 'value', options: [] } 1`] = `
<DocumentFragment>
  <div
    class="af-form__select"
  >
    <div
      class="af-form__select-container"
    >
      <select
        aria-label="select-name"
        class="af-form__input-select"
        id="name"
        name="name"
      >
        <option
          value=""
        >
          - Sélectionner -
        </option>
      </select>
      <span
        aria-controls="name"
        class="glyphicon glyphicon-menu-down"
      />
    </div>
  </div>
</DocumentFragment>
`;

exports[`InputEditor > Should render when value: { value: 'value', type: 'json', …(1) } 1`] = `
<DocumentFragment>
  <button
    class="btn af-btn af-btn--editor"
    type="submit"
  >
    <span
      class="af-btn__text"
    >
      Edit Json
    </span>
  </button>
</DocumentFragment>
`;

exports[`InputEditor > Should render when value: { value: 'value', type: 'jsx', …(1) } 1`] = `
<DocumentFragment>
  <button
    class="btn af-btn af-btn--editor"
    type="submit"
  >
    <span
      class="af-btn__text"
    >
      Edit JSX
    </span>
  </button>
</DocumentFragment>
`;

exports[`InputEditor > Should render when value: { value: 'value', type: 'separator' } 1`] = `
<DocumentFragment>
  <h3
    class="af-form-editor__separator"
  >
    value
  </h3>
</DocumentFragment>
`;

exports[`InputEditor > Should render when value: { …(2) } 1`] = `
<DocumentFragment>
  <div
    class="row af-form__group af-form__group--date-custom"
  >
    <div
      class="col-md-0"
    >
      <label
        class="af-form__group-label"
        for="name"
      >
        name
      </label>
    </div>
    <div
      class="col-md-12"
    >
      <div
        class="af-form__date"
      >
        <input
          class="af-form__input-date af-form__input-date--date-custom"
          id="name"
          name="name"
          type="date"
          value="2022-12-06"
        />
      </div>
      <small
        class="af-form__help"
      />
    </div>
  </div>
</DocumentFragment>
`;

exports[`InputEditor > Should render when value: true 1`] = `
<DocumentFragment>
  <div
    class="af-form__checkbox-toggle"
  >
    <input
      checked=""
      class="af-form__input-checkbox"
      id="name"
      name="name"
      type="checkbox"
      value="true"
    />
    <label
      class="af-form__label"
      for="name"
    >
      <span
        class="af-form__indicator"
      >
        <i
          class="glyphicon glyphicon-ok"
        />
      </span>
      <span
        class="af-form__description"
      />
    </label>
  </div>
</DocumentFragment>
`;
