// Vitest Snapshot v1, https://vitest.dev/guide/snapshot.html

exports[`<TabsLiveCode /> > Render <TabsLiveCode /> with props 1`] = `
<DocumentFragment>
  <i
    class="glyphicon glyphicon-ok"
  />
   title
</DocumentFragment>
`;
