// Vitest Snapshot v1

exports[`<Templates/> > Should render Templates 1`] = `
<DocumentFragment>
  <div
    class="af-templates"
  >
    <div
      class="af-popover__wrapper"
    >
      <div
        class="af-popover__container af-popover__container--editor"
      >
        <div
          class="af-popover__container-over"
          role="presentation"
        >
          <button
            aria-label="Suppression du code"
            class="af-btn--circle af-btn--delete"
            type="button"
          >
            <i
              aria-label="Icone suppression du code"
              class="glyphicon glyphicon-trash"
              role="img"
            />
          </button>
        </div>
      </div>
    </div>
    <div
      class="af-popover__wrapper"
    >
      <div
        class="af-popover__container af-popover__container--editor"
      >
        <div
          class="af-popover__container-over"
          role="presentation"
        >
          <button
            aria-label="Ajout du code undefined"
            class="af-btn--circle"
            id="add-list"
            type="button"
          >
            <i
              aria-label="Icone ajout du code undefined"
              class="glyphicon glyphicon-list"
              role="img"
            />
          </button>
        </div>
      </div>
    </div>
    <div
      class="af-popover__wrapper"
    >
      <div
        class="af-popover__container af-popover__container--editor"
      >
        <div
          class="af-popover__container-over"
          role="presentation"
        >
          <button
            aria-label="Ajout du code H1"
            class="af-btn--circle"
            id="add-title__h1"
            type="button"
          >
            H1
          </button>
        </div>
      </div>
    </div>
    <div
      class="af-popover__wrapper"
    >
      <div
        class="af-popover__container af-popover__container--editor"
      >
        <div
          class="af-popover__container-over"
          role="presentation"
        >
          <button
            aria-label="Ajout du code H2"
            class="af-btn--circle"
            id="add-title__h2"
            type="button"
          >
            H2
          </button>
        </div>
      </div>
    </div>
    <div
      class="af-popover__wrapper"
    >
      <div
        class="af-popover__container af-popover__container--editor"
      >
        <div
          class="af-popover__container-over"
          role="presentation"
        >
          <button
            aria-label="Ajout du code H3"
            class="af-btn--circle"
            id="add-title__h3"
            type="button"
          >
            H3
          </button>
        </div>
      </div>
    </div>
    <div
      class="af-popover__wrapper"
    >
      <div
        class="af-popover__container af-popover__container--editor"
      >
        <div
          class="af-popover__container-over"
          role="presentation"
        >
          <button
            aria-label="Ajout du code H4"
            class="af-btn--circle"
            id="add-title__h4"
            type="button"
          >
            H4
          </button>
        </div>
      </div>
    </div>
    <div
      class="af-popover__wrapper"
    >
      <div
        class="af-popover__container af-popover__container--editor"
      >
        <div
          class="af-popover__container-over"
          role="presentation"
        >
          <button
            aria-label="Ajout du code P"
            class="af-btn--circle"
            id="add-text"
            type="button"
          >
            P
          </button>
        </div>
      </div>
    </div>
    <div
      class="af-popover__wrapper"
    >
      <div
        class="af-popover__container af-popover__container--editor"
      >
        <div
          class="af-popover__container-over"
          role="presentation"
        >
          <button
            aria-label="Ajout du code undefined"
            class="af-btn--circle"
            id="add-restitution__twoColumns"
            type="button"
          >
            <i
              aria-label="Icone ajout du code undefined"
              class="glyphicon glyphicon-list-alt"
              role="img"
            />
          </button>
        </div>
      </div>
    </div>
    <div
      class="af-popover__wrapper"
    >
      <div
        class="af-popover__container af-popover__container--editor"
      >
        <div
          class="af-popover__container-over"
          role="presentation"
        >
          <button
            aria-label="Ajout du code undefined"
            class="af-btn--circle"
            id="add-restitution__oneColumn"
            type="button"
          >
            <i
              aria-label="Icone ajout du code undefined"
              class="glyphicon glyphicon-list-alt"
              role="img"
            />
          </button>
        </div>
      </div>
    </div>
    <div
      class="af-popover__wrapper"
    >
      <div
        class="af-popover__container af-popover__container--editor"
      >
        <div
          class="af-popover__container-over"
          role="presentation"
        >
          <button
            aria-label="Ajout du code undefined"
            class="af-btn--circle"
            id="add-modal"
            type="button"
          >
            <i
              aria-label="Icone ajout du code undefined"
              class="glyphicon glyphicon-modal-window"
              role="img"
            />
          </button>
        </div>
      </div>
    </div>
    <div
      class="af-popover__wrapper"
    >
      <div
        class="af-popover__container af-popover__container--editor"
      >
        <div
          class="af-popover__container-over"
          role="presentation"
        >
          <button
            aria-label="Ajout du code undefined"
            class="af-btn--circle"
            id="add-panel__basic"
            type="button"
          >
            <i
              aria-label="Icone ajout du code undefined"
              class="glyphicon glyphicon-credit-card"
              role="img"
            />
          </button>
        </div>
      </div>
    </div>
  </div>
</DocumentFragment>
`;
