// Vitest Snapshot v1

exports[`Render App with Base have user props > Should Base have user props when render App with UserProvider 1`] = `
<DocumentFragment>
  <ul>
    <li>
      have isEnabled
    </li>
    <li>
      notHave isLoading
    </li>
    <li>
      have authName
    </li>
    <li>
      have authRole
    </li>
    <li>
      have authUid
    </li>
  </ul>
</DocumentFragment>
`;
