// Vitest Snapshot v1, https://vitest.dev/guide/snapshot.html

exports[`<EmptyResultsAccessiblity /> > Render <EmptyResultsAccessiblity /> with message 1`] = `
<DocumentFragment>
  <div
    class="empty-accessiblity"
  >
    test
  </div>
</DocumentFragment>
`;
