// Vitest Snapshot v1, https://vitest.dev/guide/snapshot.html

exports[`<JsonEditor/> > Should render JsonEditor 1`] = `
<DocumentFragment>
  <button
    class="btn af-btn af-btn--editor"
    type="submit"
  >
    <span
      class="af-btn__text"
    >
      Edit params
    </span>
  </button>
</DocumentFragment>
`;
