// Vitest Snapshot v1, https://vitest.dev/guide/snapshot.html

exports[`Td > Render <Td/> with hover 1`] = `
<DocumentFragment>
  <div
    class="af-popover__wrapper"
  >
    <div
      class="af-popover__container af-popover__container--content"
    >
      <div
        class="af-popover__container-over"
        role="presentation"
      >
        labelchild td
      </div>
    </div>
  </div>
</DocumentFragment>
`;

exports[`Td > Render <Td/> without hover 1`] = `
<DocumentFragment>
  labelchild th
</DocumentFragment>
`;
