// Vitest Snapshot v1

exports[`FetchProvider > Should Base have fetchCustom props when render FetchProvider with required props 1`] = `
<DocumentFragment>
  <div>
    haveFetchCustom
  </div>
</DocumentFragment>
`;
