// Vitest Snapshot v1, https://vitest.dev/guide/snapshot.html

exports[`<AccordionResults /> > Render <AccordionResults /> with results 1`] = `
<DocumentFragment>
  <div
    aria-multiselectable="true"
    class="af-accordion af-accordion--light af-accordion--accessibility"
    role="tablist"
  >
    <div
      class="af-accordion__item"
    >
      <div
        class="af-accordion__item-header"
        id="id-test"
        role="tab"
      >
        <a
          aria-controls="id-testbody"
          aria-expanded="false"
          class="af-accordion__item-toggle"
          data-toggle="isOpen"
          href="#id-testbody"
        >
          <h3
            class="af-accordion__item-title"
          >
            <span
              class="glyphicon glyphicon-menu-down"
            />
            test 
            <span
              class="af-badge af-badge--error"
            >
              critical
            </span>
          </h3>
        </a>
      </div>
      <div
        aria-labelledby="id-test"
        class="af-accordion__collapse af-accordion__collapse--close"
        id="id-testbody"
        role="tabpanel"
        style="max-height: 0;"
      >
        <div
          class="af-accordion__block"
        >
          <div
            class="af-accordion--accessibility-wrapper-body"
          >
            <p>
              test
            </p>
            <p>
              <a
                href="url"
                rel="noreferrer"
                target="_blank"
              >
                Plus d'infos...
              </a>
            </p>
          </div>
          <div
            class="af-accordion--accessibility-wrapper-body"
          >
            <span>
              Tags : 
            </span>
            <span
              class="af-badge af-badge--info"
            >
              tag1
            </span>
          </div>
        </div>
      </div>
    </div>
  </div>
</DocumentFragment>
`;
