// Vitest Snapshot v1

exports[`<ResilienceSubstitut/> > Render <ResilienceSubstitut/> with classModifier="simple" and return Alert resilience with simple classModifier 1`] = `
<DocumentFragment>
  <div
    class="af-alert af-alert--warning"
    role="alert"
  >
    <div
      class="af-alert__title"
    >
      <div
        class="af-alert__title-icon"
      >
        <i
          class="glyphicon glyphicon-icon2"
        />
      </div>
      <div
        class="af-alert__title-text"
      >
        label
      </div>
    </div>
    <div
      class="af-alert__content"
    >
      <div
        class="af-alert__content__left"
      />
      <div
        class="af-alert__content__right"
      >
        <p>
          detail
        </p>
      </div>
    </div>
  </div>
</DocumentFragment>
`;

exports[`<ResilienceSubstitut/> > Render <ResilienceSubstitut/> with default props and refetchMock 1`] = `
<DocumentFragment>
  <div
    class="af-alert af-alert--error"
    role="alert"
  >
    <div
      class="af-alert__title"
    >
      <div
        class="af-alert__title-icon"
      >
        <i
          class="glyphicon glyphicon-exclamation-sign"
        />
      </div>
      <div
        class="af-alert__title-text"
      >
        label
      </div>
    </div>
    <div
      class="af-alert__content"
    >
      <div
        class="af-alert__content__left"
      />
      <div
        class="af-alert__content__right"
      >
        <p>
          detail
        </p>
        <button
          aria-label="Réessayer"
          class="af-link"
          type="button"
        >
          <span
            class="af-link__text"
          >
            Réessayer
          </span>
        </button>
      </div>
    </div>
  </div>
</DocumentFragment>
`;

exports[`<ResilienceSubstitut/> > Render <ResilienceSubstitut/> with default props and return Alert resilience 1`] = `
<DocumentFragment>
  <div
    class="af-alert af-alert--error"
    role="alert"
  >
    <div
      class="af-alert__title"
    >
      <div
        class="af-alert__title-icon"
      >
        <i
          class="glyphicon glyphicon-exclamation-sign"
        />
      </div>
      <div
        class="af-alert__title-text"
      >
        label
      </div>
    </div>
    <div
      class="af-alert__content"
    >
      <div
        class="af-alert__content__left"
      />
      <div
        class="af-alert__content__right"
      >
        <p>
          detail
        </p>
      </div>
    </div>
  </div>
</DocumentFragment>
`;

exports[`<ResilienceSubstitut/> > Render <ResilienceSubstitut/> with resilienceMode="fallback" and FallBackComponent = Custom and Should contain Custom element 1`] = `
<DocumentFragment>
  <div>
    FallbackComponent
  </div>
</DocumentFragment>
`;
